// Jest Snapshot v1, https://goo.gl/fbAQLP

exports[`render correctly 1`] = `
<div>
  <div
    className="errBoard"
  >
    <img
      className="scalperPic"
      src="../../img/hate/hate.gif"
    />
    <div
      className="alert"
    >
      你是黃牛吧！
      <br />
      這裡不歡迎你！！
    </div>
  </div>
</div>
`;
